../Core/Src/main.c:95:5:_write	24	static
../Core/Src/main.c:106:5:main	64	static
../Core/Src/main.c:263:6:SystemClock_Config	88	static
../Core/Src/main.c:309:13:MX_ADC1_Init	24	static
../Core/Src/main.c:356:13:MX_SPI1_Init	8	static
../Core/Src/main.c:394:13:MX_TIM1_Init	96	static
../Core/Src/main.c:470:13:MX_TIM4_Init	64	static
../Core/Src/main.c:529:13:MX_USART1_UART_Init	8	static
../Core/Src/main.c:562:13:MX_GPIO_Init	40	static
../Core/Src/main.c:611:6:Error_Handler	4	static,ignoring_inline_asm
